<resultados>
	<programas>
		<programa nombre="p1" resultadoEjecucion="FIN PROGRAMA">
			<karel x="15" y="15"/>
			<instrucciones avanza="282" gira_izquierda="43" coge_zumbador="0" deja_zumbador="0"/>
		</programa>
	</programas>
</resultados>

