<resultados>
	<mundos>
		<mundo nombre="mundo_0"/>
	</mundos>
	<programas>
		<programa nombre="p1" resultadoEjecucion="FIN PROGRAMA">
			<karel x="24" y="10"/>
			<instrucciones avanza="236" gira_izquierda="41" coge_zumbador="0" deja_zumbador="0"/>
		</programa>
	</programas>
</resultados>

