<resultados>
	<programas>
		<programa nombre="p1" resultadoEjecucion="FIN PROGRAMA">
			<karel x="32" y="10"/>
			<instrucciones avanza="236" gira_izquierda="45" coge_zumbador="0" deja_zumbador="0"/>
		</programa>
	</programas>
</resultados>

