<resultados>
	<programas>
		<programa nombre="p1" resultadoEjecucion="FIN PROGRAMA">
			<karel x="53" y="15"/>
			<instrucciones avanza="242" gira_izquierda="35" coge_zumbador="0" deja_zumbador="0"/>
		</programa>
	</programas>
</resultados>

