<resultados>
	<programas>
		<programa nombre="p1" resultadoEjecucion="FIN PROGRAMA">
			<karel x="74" y="10"/>
			<instrucciones avanza="198" gira_izquierda="27" coge_zumbador="0" deja_zumbador="0"/>
		</programa>
	</programas>
</resultados>

