<resultados>
	<mundos>
		<mundo nombre="mundo_0"/>
	</mundos>
	<programas>
		<programa nombre="p1" resultadoEjecucion="FIN PROGRAMA">
			<instrucciones avanza="4" gira_izquierda="0" coge_zumbador="0" deja_zumbador="0"/>
		</programa>
	</programas>
</resultados>

